BL51 BANKED LINKER/LOCATER V6.22                                                        09/19/2022  22:09:44  PAGE 1


BL51 BANKED LINKER/LOCATER V6.22, INVOKED BY:
C:\KEIL\C51\BIN\BL51.EXE STARTUP.obj, 0910.obj TO test1 RAMSIZE (256)


MEMORY MODEL: SMALL


INPUT MODULES INCLUDED:
  STARTUP.obj (?C_STARTUP)
  0910.obj (0910)


LINK MAP OF MODULE:  test1 (?C_STARTUP)


            TYPE    BASE      LENGTH    RELOCATION   SEGMENT NAME
            -----------------------------------------------------

            * * * * * * *   D A T A   M E M O R Y   * * * * * * *
            REG     0000H     0008H     ABSOLUTE     "REG BANK 0"
            DATA    0008H     0006H     UNIT         _DATA_GROUP_
            IDATA   000EH     0001H     UNIT         ?STACK

            * * * * * * *   C O D E   M E M O R Y   * * * * * * *
            CODE    0000H     0003H     ABSOLUTE     
            CODE    0003H     0036H     UNIT         ?PR?_PULSE_BZ?0910
            CODE    0039H     0026H     UNIT         ?PR?_DELAY?0910
            CODE    005FH     0018H     UNIT         ?PR?MAIN?0910
            CODE    0077H     000CH     UNIT         ?C_C51STARTUP



OVERLAY MAP OF MODULE:   test1 (?C_STARTUP)


SEGMENT                          DATA_GROUP 
  +--> CALLED SEGMENT          START    LENGTH
----------------------------------------------
?C_C51STARTUP                  -----    -----
  +--> ?PR?MAIN?0910

?PR?MAIN?0910                  -----    -----
  +--> ?PR?_PULSE_BZ?0910
  +--> ?PR?_DELAY?0910

?PR?_PULSE_BZ?0910             0008H    0006H
  +--> ?PR?_DELAY?0910



SYMBOL TABLE OF MODULE:  test1 (?C_STARTUP)

  VALUE           TYPE          NAME
  ----------------------------------

  -------         MODULE        ?C_STARTUP
  C:0077H         SEGMENT       ?C_C51STARTUP
  I:000EH         SEGMENT       ?STACK
BL51 BANKED LINKER/LOCATER V6.22                                                      09/19/2022  22:09:44  PAGE 2


  C:0000H         PUBLIC        ?C_STARTUP
  D:00E0H         SYMBOL        ACC
  D:00F0H         SYMBOL        B
  D:0083H         SYMBOL        DPH
  D:0082H         SYMBOL        DPL
  N:0000H         SYMBOL        IBPSTACK
  N:0100H         SYMBOL        IBPSTACKTOP
  N:0080H         SYMBOL        IDATALEN
  C:007AH         SYMBOL        IDATALOOP
  N:0000H         SYMBOL        PBPSTACK
  N:0100H         SYMBOL        PBPSTACKTOP
  N:0000H         SYMBOL        PDATALEN
  N:0000H         SYMBOL        PDATASTART
  N:0000H         SYMBOL        PPAGE
  N:0000H         SYMBOL        PPAGEENABLE
  D:00A0H         SYMBOL        PPAGE_SFR
  D:0081H         SYMBOL        SP
  C:0077H         SYMBOL        STARTUP1
  N:0000H         SYMBOL        XBPSTACK
  N:0000H         SYMBOL        XBPSTACKTOP
  N:0000H         SYMBOL        XDATALEN
  N:0000H         SYMBOL        XDATASTART
  C:0000H         LINE#         126
  C:0077H         LINE#         133
  C:0079H         LINE#         134
  C:007AH         LINE#         135
  C:007BH         LINE#         136
  C:007DH         LINE#         185
  C:0080H         LINE#         196
  -------         ENDMOD        ?C_STARTUP

  -------         MODULE        0910
  C:0000H         SYMBOL        _ICE_DUMMY_
  D:0090H         PUBLIC        P1
  D:00B0H         PUBLIC        P3
  D:00A8H         PUBLIC        IE
  C:0039H         PUBLIC        _delay
  D:00B8H         PUBLIC        IP
  B:00B0H.7       PUBLIC        buzzer
  C:005FH         PUBLIC        main
  C:0003H         PUBLIC        _pulse_BZ
  D:0098H         PUBLIC        SCON
  D:0088H         PUBLIC        TCON
  D:00C8H         PUBLIC        T2CON
  D:00D0H         PUBLIC        PSW
  -------         PROC          MAIN
  C:005FH         LINE#         8
  C:005FH         LINE#         9
  C:005FH         LINE#         11
  C:005FH         LINE#         12
  C:006EH         LINE#         14
  C:0075H         LINE#         15
  -------         ENDPROC       MAIN
  -------         PROC          _DELAY
  D:0006H         SYMBOL        x
  -------         DO            
  D:0004H         SYMBOL        i
BL51 BANKED LINKER/LOCATER V6.22                                                      09/19/2022  22:09:44  PAGE 3


  D:0002H         SYMBOL        j
  -------         ENDDO         
  C:0039H         LINE#         19
  C:0039H         LINE#         20
  C:0039H         LINE#         21
  C:0049H         LINE#         22
  C:005EH         LINE#         23
  -------         ENDPROC       _DELAY
  -------         PROC          _PULSE_BZ
  D:0008H         SYMBOL        count
  D:000AH         SYMBOL        TH
  D:000CH         SYMBOL        TL
  -------         DO            
  D:0082H         SYMBOL        i
  -------         ENDDO         
  C:0003H         LINE#         25
  C:000FH         LINE#         26
  C:000FH         LINE#         27
  C:0023H         LINE#         28
  C:0025H         LINE#         29
  C:002CH         LINE#         30
  C:002EH         LINE#         31
  C:0035H         LINE#         32
  C:0038H         LINE#         33
  -------         ENDPROC       _PULSE_BZ
  -------         ENDMOD        0910

Program Size: data=15.0 xdata=0 code=131
LINK/LOCATE RUN COMPLETE.  0 WARNING(S),  0 ERROR(S)
