BL51 BANKED LINKER/LOCATER V6.22                                                        09/20/2022  01:19:01  PAGE 1


BL51 BANKED LINKER/LOCATER V6.22, INVOKED BY:
C:\KEIL\C51\BIN\BL51.EXE STARTUP.obj, °´Å¥¿ØÖÆÊýÂë¹Ü.obj TO test RAMSIZE (256)


MEMORY MODEL: SMALL


INPUT MODULES INCLUDED:
  STARTUP.obj (?C_STARTUP)
  °´Å¥¿ØÖÆÊýÂë¹Ü.obj (_´Å¥¿Ø_ÆÊý_ë¹_)


LINK MAP OF MODULE:  test (?C_STARTUP)


            TYPE    BASE      LENGTH    RELOCATION   SEGMENT NAME
            -----------------------------------------------------

            * * * * * * *   D A T A   M E M O R Y   * * * * * * *
            REG     0000H     0008H     ABSOLUTE     "REG BANK 0"
            DATA    0008H     0001H     UNIT         _DATA_GROUP_
            IDATA   0009H     0001H     UNIT         ?STACK

            * * * * * * *   C O D E   M E M O R Y   * * * * * * *
            CODE    0000H     0003H     ABSOLUTE     
            CODE    0003H     0059H     UNIT         ?PR?MAIN?_´Å¥¿Ø_ÆÊý_ë¹_
            CODE    005CH     000FH     UNIT         ?PR?DEBOUNCER?_´Å¥¿Ø_ÆÊý_ë¹_
            CODE    006BH     000CH     UNIT         ?C_C51STARTUP
            CODE    0077H     000AH     UNIT         ?CO?_´Å¥¿Ø_ÆÊý_ë¹_



OVERLAY MAP OF MODULE:   test (?C_STARTUP)


SEGMENT                                DATA_GROUP 
  +--> CALLED SEGMENT                START    LENGTH
----------------------------------------------------
?C_C51STARTUP                        -----    -----
  +--> ?PR?MAIN?_´Å¥¿Ø_ÆÊý_ë¹_

?PR?MAIN?_´Å¥¿Ø_ÆÊý_ë¹_              0008H    0001H
  +--> ?CO?_´Å¥¿Ø_ÆÊý_ë¹_
  +--> ?PR?DEBOUNCER?_´Å¥¿Ø_ÆÊý_ë¹_



SYMBOL TABLE OF MODULE:  test (?C_STARTUP)

  VALUE           TYPE          NAME
  ----------------------------------

  -------         MODULE        ?C_STARTUP
  C:006BH         SEGMENT       ?C_C51STARTUP
  I:0009H         SEGMENT       ?STACK
  C:0000H         PUBLIC        ?C_STARTUP
  D:00E0H         SYMBOL        ACC
  D:00F0H         SYMBOL        B
BL51 BANKED LINKER/LOCATER V6.22                                                      09/20/2022  01:19:01  PAGE 2


  D:0083H         SYMBOL        DPH
  D:0082H         SYMBOL        DPL
  N:0000H         SYMBOL        IBPSTACK
  N:0100H         SYMBOL        IBPSTACKTOP
  N:0080H         SYMBOL        IDATALEN
  C:006EH         SYMBOL        IDATALOOP
  N:0000H         SYMBOL        PBPSTACK
  N:0100H         SYMBOL        PBPSTACKTOP
  N:0000H         SYMBOL        PDATALEN
  N:0000H         SYMBOL        PDATASTART
  N:0000H         SYMBOL        PPAGE
  N:0000H         SYMBOL        PPAGEENABLE
  D:00A0H         SYMBOL        PPAGE_SFR
  D:0081H         SYMBOL        SP
  C:006BH         SYMBOL        STARTUP1
  N:0000H         SYMBOL        XBPSTACK
  N:0000H         SYMBOL        XBPSTACKTOP
  N:0000H         SYMBOL        XDATALEN
  N:0000H         SYMBOL        XDATASTART
  C:0000H         LINE#         126
  C:006BH         LINE#         133
  C:006DH         LINE#         134
  C:006EH         LINE#         135
  C:006FH         LINE#         136
  C:0071H         LINE#         185
  C:0074H         LINE#         196
  -------         ENDMOD        ?C_STARTUP

  -------         MODULE        _´Å¥¿Ø_ÆÊý_ë¹_
  C:0000H         SYMBOL        _ICE_DUMMY_
  D:0080H         PUBLIC        P0
  D:00A0H         PUBLIC        P2
  C:0003H         PUBLIC        main
  C:005CH         PUBLIC        debouncer
  B:00A0H.0       PUBLIC        PB1
  B:00A0H.1       PUBLIC        PB2
  C:0077H         PUBLIC        TAB
  -------         PROC          MAIN
  -------         DO            
  D:0008H         SYMBOL        i
  -------         ENDDO         
  C:0003H         LINE#         12
  C:0003H         LINE#         13
  C:0006H         LINE#         14
  C:000AH         LINE#         15
  C:0012H         LINE#         16
  C:0012H         LINE#         17
  C:0015H         LINE#         18
  C:0018H         LINE#         19
  C:0029H         LINE#         20
  C:0030H         LINE#         21
  C:0033H         LINE#         22
  C:0036H         LINE#         23
  C:0036H         LINE#         24
  C:0039H         LINE#         25
  C:003CH         LINE#         26
  C:004DH         LINE#         27
BL51 BANKED LINKER/LOCATER V6.22                                                      09/20/2022  01:19:01  PAGE 3


  C:0054H         LINE#         28
  C:0057H         LINE#         29
  C:005AH         LINE#         30
  C:005AH         LINE#         31
  -------         ENDPROC       MAIN
  -------         PROC          DEBOUNCER
  -------         DO            
  D:0006H         SYMBOL        i
  -------         ENDDO         
  C:005CH         LINE#         35
  C:005CH         LINE#         36
  C:005CH         LINE#         37
  C:006AH         LINE#         38
  -------         ENDPROC       DEBOUNCER
  -------         ENDMOD        _´Å¥¿Ø_ÆÊý_ë¹_

Program Size: data=10.0 xdata=0 code=129
LINK/LOCATE RUN COMPLETE.  0 WARNING(S),  0 ERROR(S)
