BL51 BANKED LINKER/LOCATER V6.22                                                        09/19/2022  22:37:48  PAGE 1


BL51 BANKED LINKER/LOCATER V6.22, INVOKED BY:
C:\KEIL\C51\BIN\BL51.EXE STARTUP.obj, 流水灯.obj TO test RAMSIZE (256)


MEMORY MODEL: SMALL


INPUT MODULES INCLUDED:
  STARTUP.obj (?C_STARTUP)
  流水灯.obj (流水灯)


LINK MAP OF MODULE:  test (?C_STARTUP)


            TYPE    BASE      LENGTH    RELOCATION   SEGMENT NAME
            -----------------------------------------------------

            * * * * * * *   D A T A   M E M O R Y   * * * * * * *
            REG     0000H     0008H     ABSOLUTE     "REG BANK 0"
            DATA    0008H     0001H     UNIT         _DATA_GROUP_
            IDATA   0009H     0001H     UNIT         ?STACK

            * * * * * * *   C O D E   M E M O R Y   * * * * * * *
            CODE    0000H     0003H     ABSOLUTE     
            CODE    0003H     003BH     UNIT         ?PR?MAIN?流水灯
            CODE    003EH     0026H     UNIT         ?PR?_DELAY?流水灯
            CODE    0064H     000CH     UNIT         ?C_C51STARTUP



OVERLAY MAP OF MODULE:   test (?C_STARTUP)


SEGMENT                          DATA_GROUP 
  +--> CALLED SEGMENT          START    LENGTH
----------------------------------------------
?C_C51STARTUP                  -----    -----
  +--> ?PR?MAIN?流水灯

?PR?MAIN?流水灯                0008H    0001H
  +--> ?PR?_DELAY?流水灯



SYMBOL TABLE OF MODULE:  test (?C_STARTUP)

  VALUE           TYPE          NAME
  ----------------------------------

  -------         MODULE        ?C_STARTUP
  C:0064H         SEGMENT       ?C_C51STARTUP
  I:0009H         SEGMENT       ?STACK
  C:0000H         PUBLIC        ?C_STARTUP
  D:00E0H         SYMBOL        ACC
  D:00F0H         SYMBOL        B
  D:0083H         SYMBOL        DPH
  D:0082H         SYMBOL        DPL
BL51 BANKED LINKER/LOCATER V6.22                                                      09/19/2022  22:37:48  PAGE 2


  N:0000H         SYMBOL        IBPSTACK
  N:0100H         SYMBOL        IBPSTACKTOP
  N:0080H         SYMBOL        IDATALEN
  C:0067H         SYMBOL        IDATALOOP
  N:0000H         SYMBOL        PBPSTACK
  N:0100H         SYMBOL        PBPSTACKTOP
  N:0000H         SYMBOL        PDATALEN
  N:0000H         SYMBOL        PDATASTART
  N:0000H         SYMBOL        PPAGE
  N:0000H         SYMBOL        PPAGEENABLE
  D:00A0H         SYMBOL        PPAGE_SFR
  D:0081H         SYMBOL        SP
  C:0064H         SYMBOL        STARTUP1
  N:0000H         SYMBOL        XBPSTACK
  N:0000H         SYMBOL        XBPSTACKTOP
  N:0000H         SYMBOL        XDATALEN
  N:0000H         SYMBOL        XDATASTART
  C:0000H         LINE#         126
  C:0064H         LINE#         133
  C:0066H         LINE#         134
  C:0067H         LINE#         135
  C:0068H         LINE#         136
  C:006AH         LINE#         185
  C:006DH         LINE#         196
  -------         ENDMOD        ?C_STARTUP

  -------         MODULE        流水灯
  C:0000H         SYMBOL        _ICE_DUMMY_
  D:0090H         PUBLIC        P1
  C:003EH         PUBLIC        _delay
  C:0003H         PUBLIC        main
  -------         PROC          MAIN
  -------         DO            
  D:0008H         SYMBOL        i
  -------         ENDDO         
  C:0003H         LINE#         7
  C:0003H         LINE#         8
  C:0003H         LINE#         9
  C:0006H         LINE#         10
  C:0006H         LINE#         11
  C:0009H         LINE#         12
  C:0010H         LINE#         13
  C:0018H         LINE#         14
  C:0021H         LINE#         15
  C:002BH         LINE#         16
  C:0032H         LINE#         17
  C:003AH         LINE#         18
  -------         ENDPROC       MAIN
  -------         PROC          _DELAY
  D:0006H         SYMBOL        x
  -------         DO            
  D:0004H         SYMBOL        i
  D:0002H         SYMBOL        j
  -------         ENDDO         
  C:003EH         LINE#         23
  C:003EH         LINE#         24
  C:003EH         LINE#         25
BL51 BANKED LINKER/LOCATER V6.22                                                      09/19/2022  22:37:48  PAGE 3


  C:004EH         LINE#         26
  C:0063H         LINE#         27
  -------         ENDPROC       _DELAY
  -------         ENDMOD        流水灯

Program Size: data=10.0 xdata=0 code=112
LINK/LOCATE RUN COMPLETE.  0 WARNING(S),  0 ERROR(S)
