BL51 BANKED LINKER/LOCATER V6.22                                                        09/27/2022  15:24:18  PAGE 1


BL51 BANKED LINKER/LOCATER V6.22, INVOKED BY:
C:\KEIL\C51\BIN\BL51.EXE STARTUP.obj, 232·½Ê½1ÖÐ¶Ï.obj TO test RAMSIZE (256)


MEMORY MODEL: SMALL


INPUT MODULES INCLUDED:
  STARTUP.obj (?C_STARTUP)
  232·½Ê½1ÖÐ¶Ï.obj (232·½Ê½1_Ð¶Ï)


LINK MAP OF MODULE:  test (?C_STARTUP)


            TYPE    BASE      LENGTH    RELOCATION   SEGMENT NAME
            -----------------------------------------------------

            * * * * * * *   D A T A   M E M O R Y   * * * * * * *
            REG     0000H     0008H     ABSOLUTE     "REG BANK 0"
            DATA    0008H     0002H     UNIT         ?DT?232·½Ê½1_Ð¶Ï
            IDATA   000AH     0001H     UNIT         ?STACK

            * * * * * * *   C O D E   M E M O R Y   * * * * * * *
            CODE    0000H     0003H     ABSOLUTE     
            CODE    0003H     001AH     UNIT         ?PR?MAIN?232·½Ê½1_Ð¶Ï
                    001DH     0006H                  *** GAP ***
            CODE    0023H     0003H     ABSOLUTE     
            CODE    0026H     0015H     UNIT         ?PR?INIT_TIME1?232·½Ê½1_Ð¶Ï
            CODE    003BH     000FH     UNIT         ?PR?INITRS232?232·½Ê½1_Ð¶Ï
            CODE    004AH     000EH     UNIT         ?PR?SERIAL?232·½Ê½1_Ð¶Ï
            CODE    0058H     000CH     UNIT         ?C_C51STARTUP



OVERLAY MAP OF MODULE:   test (?C_STARTUP)


SEGMENT
  +--> CALLED SEGMENT
---------------------
?C_C51STARTUP
  +--> ?PR?MAIN?232·½Ê½1_Ð¶Ï

?PR?MAIN?232·½Ê½1_Ð¶Ï
  +--> ?PR?INITRS232?232·½Ê½1_Ð¶Ï

?PR?INITRS232?232·½Ê½1_Ð¶Ï
  +--> ?PR?INIT_TIME1?232·½Ê½1_Ð¶Ï



SYMBOL TABLE OF MODULE:  test (?C_STARTUP)

  VALUE           TYPE          NAME
  ----------------------------------

  -------         MODULE        ?C_STARTUP
BL51 BANKED LINKER/LOCATER V6.22                                                      09/27/2022  15:24:18  PAGE 2


  C:0058H         SEGMENT       ?C_C51STARTUP
  I:000AH         SEGMENT       ?STACK
  C:0000H         PUBLIC        ?C_STARTUP
  D:00E0H         SYMBOL        ACC
  D:00F0H         SYMBOL        B
  D:0083H         SYMBOL        DPH
  D:0082H         SYMBOL        DPL
  N:0000H         SYMBOL        IBPSTACK
  N:0100H         SYMBOL        IBPSTACKTOP
  N:0080H         SYMBOL        IDATALEN
  C:005BH         SYMBOL        IDATALOOP
  N:0000H         SYMBOL        PBPSTACK
  N:0100H         SYMBOL        PBPSTACKTOP
  N:0000H         SYMBOL        PDATALEN
  N:0000H         SYMBOL        PDATASTART
  N:0000H         SYMBOL        PPAGE
  N:0000H         SYMBOL        PPAGEENABLE
  D:00A0H         SYMBOL        PPAGE_SFR
  D:0081H         SYMBOL        SP
  C:0058H         SYMBOL        STARTUP1
  N:0000H         SYMBOL        XBPSTACK
  N:0000H         SYMBOL        XBPSTACKTOP
  N:0000H         SYMBOL        XDATALEN
  N:0000H         SYMBOL        XDATASTART
  C:0000H         LINE#         126
  C:0058H         LINE#         133
  C:005AH         LINE#         134
  C:005BH         LINE#         135
  C:005CH         LINE#         136
  C:005EH         LINE#         185
  C:0061H         LINE#         196
  -------         ENDMOD        ?C_STARTUP

  -------         MODULE        232·½Ê½1_Ð¶Ï
  C:0000H         SYMBOL        _ICE_DUMMY_
  D:0090H         PUBLIC        P1
  D:00B0H         PUBLIC        P3
  B:00A8H.7       PUBLIC        EA
  D:00A8H         PUBLIC        IE
  B:00A8H.4       PUBLIC        ES
  D:00B8H         PUBLIC        IP
  B:0098H.0       PUBLIC        RI
  D:0008H         PUBLIC        flag
  B:0098H.1       PUBLIC        TI
  C:0003H         PUBLIC        main
  D:0099H         PUBLIC        SBUF
  D:0087H         PUBLIC        PCON
  D:0098H         PUBLIC        SCON
  D:0089H         PUBLIC        TMOD
  D:0088H         PUBLIC        TCON
  C:0026H         PUBLIC        Init_Time1
  B:00A8H.3       PUBLIC        ET1
  D:008DH         PUBLIC        TH1
  D:008BH         PUBLIC        TL1
  B:0088H.6       PUBLIC        TR1
  D:0009H         PUBLIC        a
  C:004AH         PUBLIC        Serial
BL51 BANKED LINKER/LOCATER V6.22                                                      09/27/2022  15:24:18  PAGE 3


  B:0098H.4       PUBLIC        REN
  D:00C8H         PUBLIC        T2CON
  C:003BH         PUBLIC        InitRs232
  D:00D0H         PUBLIC        PSW
  -------         PROC          INIT_TIME1
  C:0026H         LINE#         6
  C:0026H         LINE#         7
  C:0026H         LINE#         8
  C:0028H         LINE#         9
  C:0030H         LINE#         10
  C:0033H         LINE#         11
  C:0036H         LINE#         12
  C:0038H         LINE#         13
  C:003AH         LINE#         14
  -------         ENDPROC       INIT_TIME1
  -------         PROC          INITRS232
  C:003BH         LINE#         16
  C:003BH         LINE#         17
  C:003BH         LINE#         18
  C:003EH         LINE#         19
  C:0040H         LINE#         20
  C:0043H         LINE#         21
  C:0045H         LINE#         22
  C:0047H         LINE#         23
  -------         ENDPROC       INITRS232
  -------         PROC          SERIAL
  C:004AH         LINE#         28
  C:004AH         LINE#         30
  C:004DH         LINE#         31
  C:004DH         LINE#         32
  C:004FH         LINE#         33
  C:0052H         LINE#         34
  C:0054H         LINE#         35
  C:0057H         LINE#         36
  C:0057H         LINE#         38
  -------         ENDPROC       SERIAL
  -------         PROC          MAIN
  C:0003H         LINE#         40
  C:0003H         LINE#         41
  C:0003H         LINE#         42
  C:0006H         LINE#         43
  C:0009H         LINE#         45
  C:0009H         LINE#         46
  C:0009H         LINE#         47
  C:000EH         LINE#         48
  C:000EH         LINE#         49
  C:0011H         LINE#         50
  C:0014H         LINE#         51
  C:0016H         LINE#         52
  C:0019H         LINE#         53
  C:001BH         LINE#         54
  C:001BH         LINE#         55
  -------         ENDPROC       MAIN
  -------         ENDMOD        232·½Ê½1_Ð¶Ï

Program Size: data=11.0 xdata=0 code=94
LINK/LOCATE RUN COMPLETE.  0 WARNING(S),  0 ERROR(S)
