C51 COMPILER V9.00   0910                                                                  09/19/2022 22:11:03 PAGE 1   


C51 COMPILER V9.00, COMPILATION OF MODULE 0910
OBJECT MODULE PLACED IN 0910.OBJ
COMPILER INVOKED BY: C:\Keil\C51\BIN\C51.EXE 0910.c BROWSE DEBUG OBJECTEXTEND

line level    source

   1          /* ch03-3-1.c - 蜂鸣器实验程序  */
   2          //==声明区====================================
   3          #include        <reg52.h>       // 定义8051暂存器的标头档,P2-17~19
   4          sbit buzzer = P3^7 ;    // 声明蜂鸣器的位置为Port 3之bit 7
   5          void delay(int);                //      声明延迟函数 
   6          void pulse_BZ(int,int,int);     //      声明蜂鸣器发声函数 
   7          //==主程序====================================
   8          main()                                  //      主程序开始 
   9          {       
  10   1      
  11   1      while(1)                        //      无穷循环,程序一直跑 
  12   1              {       pulse_BZ(100,1,5);      
  13   2                      // 蜂鸣器发声100 (0.5m+0.5m)=0.1s
  14   2                      delay(1000);    //      延迟1000 0.5m=0.5秒 
  15   2              }                                       //      while循环结束 
  16   1      }                                               //      主程序结束 
  17          //==子程序=====================================
  18          /* 延迟函数开始,延迟x 0.5ms */ 
  19          void delay(int x)               //      延迟函数开始 
  20          {       int i,j;                        //      声明整数变量i,j
  21   1              for (i=0;i<x;i++)               //      计数x次,延迟约x 0.5ms 
  22   1                      for (j=0;j<60;j++);     //      计数60次，延迟约0.5ms 
  23   1      }                                       //      延迟函数结束 
  24          /* 蜂鸣器发声函数,count=计数次数,TH=高态时间,TL=低态时间 */
  25          void pulse_BZ(int count,int TH,int TL)  //      蜂鸣器发声函数开始 
  26          {       int i;                  //      声明整数变数i
  27   1              for(i=0;i<count;i++)    //      计数count次 
  28   1              {       buzzer=1;       //      输出高态
  29   2                      delay(TH);      //      延迟TH 0.5ms 
  30   2                      buzzer=0;       //      输出低态 
  31   2                      delay(TL);      //      延迟TL 0.5ms 
  32   2              }                               //      for循环结束 
  33   1      }                                       //      蜂鸣器发声函数结束 
  34          


MODULE INFORMATION:   STATIC OVERLAYABLE
   CODE SIZE        =    116    ----
   CONSTANT SIZE    =   ----    ----
   XDATA SIZE       =   ----    ----
   PDATA SIZE       =   ----    ----
   DATA SIZE        =   ----       6
   IDATA SIZE       =   ----    ----
   BIT SIZE         =   ----    ----
END OF MODULE INFORMATION.


C51 COMPILATION COMPLETE.  0 WARNING(S),  0 ERROR(S)
