BL51 BANKED LINKER/LOCATER V6.22                                                        09/20/2022  00:48:06  PAGE 1


BL51 BANKED LINKER/LOCATER V6.22, INVOKED BY:
C:\KEIL\C51\BIN\BL51.EXE STARTUP.obj, °´Å¥.obj TO test RAMSIZE (256)


MEMORY MODEL: SMALL


INPUT MODULES INCLUDED:
  STARTUP.obj (?C_STARTUP)
  °´Å¥.obj (_´Å¥)


LINK MAP OF MODULE:  test (?C_STARTUP)


            TYPE    BASE      LENGTH    RELOCATION   SEGMENT NAME
            -----------------------------------------------------

            * * * * * * *   D A T A   M E M O R Y   * * * * * * *
            REG     0000H     0008H     ABSOLUTE     "REG BANK 0"
            IDATA   0008H     0001H     UNIT         ?STACK

            * * * * * * *   C O D E   M E M O R Y   * * * * * * *
            CODE    0000H     0003H     ABSOLUTE     
            CODE    0003H     0014H     UNIT         ?PR?MAIN?_´Å¥
            CODE    0017H     000CH     UNIT         ?C_C51STARTUP



OVERLAY MAP OF MODULE:   test (?C_STARTUP)


SEGMENT
  +--> CALLED SEGMENT
---------------------
?C_C51STARTUP
  +--> ?PR?MAIN?_´Å¥



SYMBOL TABLE OF MODULE:  test (?C_STARTUP)

  VALUE           TYPE          NAME
  ----------------------------------

  -------         MODULE        ?C_STARTUP
  C:0017H         SEGMENT       ?C_C51STARTUP
  I:0008H         SEGMENT       ?STACK
  C:0000H         PUBLIC        ?C_STARTUP
  D:00E0H         SYMBOL        ACC
  D:00F0H         SYMBOL        B
  D:0083H         SYMBOL        DPH
  D:0082H         SYMBOL        DPL
  N:0000H         SYMBOL        IBPSTACK
  N:0100H         SYMBOL        IBPSTACKTOP
  N:0080H         SYMBOL        IDATALEN
  C:001AH         SYMBOL        IDATALOOP
  N:0000H         SYMBOL        PBPSTACK
BL51 BANKED LINKER/LOCATER V6.22                                                      09/20/2022  00:48:06  PAGE 2


  N:0100H         SYMBOL        PBPSTACKTOP
  N:0000H         SYMBOL        PDATALEN
  N:0000H         SYMBOL        PDATASTART
  N:0000H         SYMBOL        PPAGE
  N:0000H         SYMBOL        PPAGEENABLE
  D:00A0H         SYMBOL        PPAGE_SFR
  D:0081H         SYMBOL        SP
  C:0017H         SYMBOL        STARTUP1
  N:0000H         SYMBOL        XBPSTACK
  N:0000H         SYMBOL        XBPSTACKTOP
  N:0000H         SYMBOL        XDATALEN
  N:0000H         SYMBOL        XDATASTART
  C:0000H         LINE#         126
  C:0017H         LINE#         133
  C:0019H         LINE#         134
  C:001AH         LINE#         135
  C:001BH         LINE#         136
  C:001DH         LINE#         185
  C:0020H         LINE#         196
  -------         ENDMOD        ?C_STARTUP

  -------         MODULE        _´Å¥
  C:0000H         SYMBOL        _ICE_DUMMY_
  D:0090H         PUBLIC        P1
  D:00A0H         PUBLIC        P2
  C:0003H         PUBLIC        main
  B:00A0H.0       PUBLIC        PB1
  B:00A0H.1       PUBLIC        PB2
  B:0090H.0       PUBLIC        LED
  -------         PROC          MAIN
  C:0003H         LINE#         8
  C:0003H         LINE#         9
  C:0005H         LINE#         10
  C:0009H         LINE#         11
  C:0009H         LINE#         12
  C:0010H         LINE#         13
  C:0015H         LINE#         14
  -------         ENDPROC       MAIN
  -------         ENDMOD        _´Å¥

Program Size: data=9.0 xdata=0 code=35
LINK/LOCATE RUN COMPLETE.  0 WARNING(S),  0 ERROR(S)
