BL51 BANKED LINKER/LOCATER V6.22                                                        09/28/2022  16:42:06  PAGE 1


BL51 BANKED LINKER/LOCATER V6.22, INVOKED BY:
C:\KEIL\C51\BIN\BL51.EXE STARTUP.obj, 定时器.obj TO test RAMSIZE (256)


MEMORY MODEL: SMALL


INPUT MODULES INCLUDED:
  STARTUP.obj (?C_STARTUP)
  定时器.obj (定时器)
  C:\KEIL\C51\LIB\C51S.LIB (?C_INIT)
  C:\KEIL\C51\LIB\C51S.LIB (?C?SCDIV)


LINK MAP OF MODULE:  test (?C_STARTUP)


            TYPE    BASE      LENGTH    RELOCATION   SEGMENT NAME
            -----------------------------------------------------

            * * * * * * *   D A T A   M E M O R Y   * * * * * * *
            REG     0000H     0008H     ABSOLUTE     "REG BANK 0"
            DATA    0008H     0007H     UNIT         ?DT?定时器
            IDATA   000FH     0001H     UNIT         ?STACK

            * * * * * * *   C O D E   M E M O R Y   * * * * * * *
            CODE    0000H     0003H     ABSOLUTE     
                    0003H     0008H                  *** GAP ***
            CODE    000BH     0003H     ABSOLUTE     
            CODE    000EH     000AH     UNIT         ?CO?定时器
                    0018H     0003H                  *** GAP ***
            CODE    001BH     0003H     ABSOLUTE     
            CODE    001EH     0094H     UNIT         ?PR?T0_1S?定时器
            CODE    00B2H     008CH     UNIT         ?C_C51STARTUP
            CODE    013EH     0034H     UNIT         ?PR?T1_8MS?定时器
            CODE    0172H     0022H     UNIT         ?C?LIB_CODE
            CODE    0194H     001AH     UNIT         ?PR?MAIN?定时器
            CODE    01AEH     0012H     UNIT         ?C_INITSEG



OVERLAY MAP OF MODULE:   test (?C_STARTUP)


SEGMENT
  +--> CALLED SEGMENT
---------------------
?C_C51STARTUP
  +--> ?PR?MAIN?定时器
  +--> ?C_INITSEG

*** NEW ROOT ***************************************************

?PR?T0_1S?定时器
  +--> ?CO?定时器



BL51 BANKED LINKER/LOCATER V6.22                                                      09/28/2022  16:42:06  PAGE 2


SYMBOL TABLE OF MODULE:  test (?C_STARTUP)

  VALUE           TYPE          NAME
  ----------------------------------

  -------         MODULE        ?C_STARTUP
  C:00B2H         SEGMENT       ?C_C51STARTUP
  I:000FH         SEGMENT       ?STACK
  C:0000H         PUBLIC        ?C_STARTUP
  D:00E0H         SYMBOL        ACC
  D:00F0H         SYMBOL        B
  D:0083H         SYMBOL        DPH
  D:0082H         SYMBOL        DPL
  N:0000H         SYMBOL        IBPSTACK
  N:0100H         SYMBOL        IBPSTACKTOP
  N:0080H         SYMBOL        IDATALEN
  C:00B5H         SYMBOL        IDATALOOP
  N:0000H         SYMBOL        PBPSTACK
  N:0100H         SYMBOL        PBPSTACKTOP
  N:0000H         SYMBOL        PDATALEN
  N:0000H         SYMBOL        PDATASTART
  N:0000H         SYMBOL        PPAGE
  N:0000H         SYMBOL        PPAGEENABLE
  D:00A0H         SYMBOL        PPAGE_SFR
  D:0081H         SYMBOL        SP
  C:00B2H         SYMBOL        STARTUP1
  N:0000H         SYMBOL        XBPSTACK
  N:0000H         SYMBOL        XBPSTACKTOP
  N:0000H         SYMBOL        XDATALEN
  N:0000H         SYMBOL        XDATASTART
  C:0000H         LINE#         126
  C:00B2H         LINE#         133
  C:00B4H         LINE#         134
  C:00B5H         LINE#         135
  C:00B6H         LINE#         136
  C:00B8H         LINE#         185
  C:00BBH         LINE#         196
  -------         ENDMOD        ?C_STARTUP

  -------         MODULE        定时器
  C:0000H         SYMBOL        _ICE_DUMMY_
  C:013EH         PUBLIC        T1_8ms
  D:0080H         PUBLIC        P0
  D:0090H         PUBLIC        P1
  D:00A0H         PUBLIC        P2
  C:001EH         PUBLIC        T0_1s
  D:00A8H         PUBLIC        IE
  D:0008H         PUBLIC        count_T0
  D:000AH         PUBLIC        count_T1
  C:0194H         PUBLIC        main
  D:000BH         PUBLIC        scan
  D:000CH         PUBLIC        disp
  D:0089H         PUBLIC        TMOD
  D:008CH         PUBLIC        TH0
  D:008DH         PUBLIC        TH1
  D:008AH         PUBLIC        TL0
  D:008BH         PUBLIC        TL1
BL51 BANKED LINKER/LOCATER V6.22                                                      09/28/2022  16:42:06  PAGE 3


  B:0080H.7       PUBLIC        LED
  B:0088H.4       PUBLIC        TR0
  C:000EH         PUBLIC        TAB
  B:0088H.6       PUBLIC        TR1
  D:000EH         PUBLIC        seconds
  -------         PROC          MAIN
  C:0194H         LINE#         25
  C:0194H         LINE#         26
  C:0197H         LINE#         27
  C:019AH         LINE#         28
  C:01A0H         LINE#         29
  C:01A2H         LINE#         30
  C:01A8H         LINE#         31
  C:01AAH         LINE#         32
  C:01ACH         LINE#         33
  -------         ENDPROC       MAIN
  -------         PROC          T0_1S
  C:001EH         LINE#         36
  C:003BH         LINE#         37
  C:0041H         LINE#         38
  C:004FH         LINE#         39
  C:0053H         LINE#         40
  C:0055H         LINE#         41
  C:005AH         LINE#         42
  C:005DH         LINE#         43
  C:005FH         LINE#         44
  C:005FH         LINE#         45
  C:005FH         LINE#         46
  C:007AH         LINE#         47
  C:0097H         LINE#         48
  -------         ENDPROC       T0_1S
  -------         PROC          T1_8MS
  C:013EH         LINE#         50
  C:0147H         LINE#         51
  C:014EH         LINE#         52
  C:0151H         LINE#         53
  C:015BH         LINE#         54
  C:015EH         LINE#         55
  C:0163H         LINE#         56
  C:016BH         LINE#         57
  C:016BH         LINE#         58
  -------         ENDPROC       T1_8MS
  -------         ENDMOD        定时器

  -------         MODULE        ?C?SCDIV
  C:0172H         PUBLIC        ?C?SCDIV
  -------         ENDMOD        ?C?SCDIV

Program Size: data=16.0 xdata=0 code=437
LINK/LOCATE RUN COMPLETE.  0 WARNING(S),  0 ERROR(S)
